2024-10-17 11:42:44 [   DEBUG] Using proactor: IocpProactor (proactor_events.py:634)
